// Jest Snapshot v1, https://goo.gl/fbAQLP

exports[`renderModalCorrectly 1`] = `
<View>
  <Modal
    animationType="fade"
    hardwareAccelerated={false}
    onRequestClose={[Function]}
    transparent={true}
    visible={true}
  >
    <View
      style={
        {
          "alignItems": "center",
          "backgroundColor": "rgba(0, 0, 0, 0.5)",
          "flex": 1,
          "justifyContent": "center",
        }
      }
    >
      <View
        style={
          {
            "backgroundColor": "white",
            "borderRadius": 10,
            "padding": 20,
            "width": "80%",
          }
        }
      >
        <Text
          style={
            {
              "fontSize": 18,
              "fontWeight": "bold",
              "marginBottom": 10,
            }
          }
        >
          Rename the Board
        </Text>
        <TextInput
          onChangeText={[Function]}
          placeholder="Name"
          style={
            {
              "borderColor": "gray",
              "borderWidth": 1,
              "height": 40,
              "marginBottom": 10,
              "paddingHorizontal": 10,
              "width": "100%",
            }
          }
        />
        <View
          style={
            {
              "flexDirection": "row",
              "justifyContent": "space-between",
            }
          }
        >
          <View
            accessibilityState={
              {
                "busy": undefined,
                "checked": undefined,
                "disabled": undefined,
                "expanded": undefined,
                "selected": undefined,
              }
            }
            accessibilityValue={
              {
                "max": undefined,
                "min": undefined,
                "now": undefined,
                "text": undefined,
              }
            }
            accessible={true}
            collapsable={false}
            focusable={true}
            onClick={[Function]}
            onResponderGrant={[Function]}
            onResponderMove={[Function]}
            onResponderRelease={[Function]}
            onResponderTerminate={[Function]}
            onResponderTerminationRequest={[Function]}
            onStartShouldSetResponder={[Function]}
            style={
              {
                "backgroundColor": "#ef5a5a",
                "borderRadius": 5,
                "flex": 1,
                "marginRight": 5,
                "marginVertical": 5,
                "opacity": 1,
                "paddingVertical": 10,
              }
            }
          >
            <Text
              style={
                {
                  "color": "#fff",
                  "fontWeight": "bold",
                  "textAlign": "center",
                }
              }
            >
              Cancel
            </Text>
          </View>
          <View
            accessibilityState={
              {
                "busy": undefined,
                "checked": undefined,
                "disabled": undefined,
                "expanded": undefined,
                "selected": undefined,
              }
            }
            accessibilityValue={
              {
                "max": undefined,
                "min": undefined,
                "now": undefined,
                "text": undefined,
              }
            }
            accessible={true}
            collapsable={false}
            focusable={true}
            onClick={[Function]}
            onResponderGrant={[Function]}
            onResponderMove={[Function]}
            onResponderRelease={[Function]}
            onResponderTerminate={[Function]}
            onResponderTerminationRequest={[Function]}
            onStartShouldSetResponder={[Function]}
            style={
              {
                "backgroundColor": "#42b883",
                "borderRadius": 5,
                "flex": 1,
                "marginLeft": 5,
                "marginVertical": 5,
                "opacity": 1,
                "paddingVertical": 10,
              }
            }
          >
            <Text
              style={
                {
                  "color": "#fff",
                  "fontWeight": "bold",
                  "textAlign": "center",
                }
              }
            >
              Confirm
            </Text>
          </View>
        </View>
      </View>
    </View>
  </Modal>
</View>
`;
